// Jest Snapshot v1, https://goo.gl/fbAQLP

exports[`Header should render correctly 1`] = `
<div>
  <header
    class="flex sticky top-0 z-10 justify-between items-center w-full h-20 sm:h-24 px-6 sm:px-8 bg-gray-100"
  >
    <div
      class="flex flex-row justify-start items-center h-full"
    >
      <a
        class="w-[104px]"
        data-testid="logo"
        href="/"
      >
        <svg-url
          alt="logo"
          classname="w-[104px]"
        />
      </a>
      <form
        data-testid="search-form"
      >
        <div
          class="ml-4 md:ml-8 flex gap-2 md:gap-4"
        >
          <input
            class="rounded-md border border-gray-300 px-2 py-1"
            data-testid="search-input"
            placeholder="Search"
            type="text"
          />
          <button
            class="ml-2"
            type="submit"
          >
            <svg-url
              alt="search"
            />
          </button>
        </div>
      </form>
    </div>
    <button
      class="fixed bottom-8 right-8 z-10 bg-gray-400 rounded-full ring-5 shadow-xl shadow-gray-700 w-14 h-14 text-center justify-end items-center md:static md:flex md:flex-row md:h-full md:bg-transparent md:border-none md:shadow-none"
      data-testid="favbutton"
    >
      <svg-url
        alt="fav"
        classname="w-[32px] fill-red-500 mx-auto"
      />
    </button>
  </header>
</div>
`;
